sub-A1808_ses-190807_b {"qualifies": true, "rho_wake": 1.054, "n_early": 1623, "rho_early": 0.473, "n_mid": 631, "rho_mid": 0.685, "n_late": 489, "rho_late": 0.941, "Q1": true, "Q2": true}
sub-A1813_ses-190408_b {"qualifies": true, "rho_wake": 1.134, "n_early": 2843, "rho_early": 0.653, "n_mid": 2063, "rho_mid": 0.765, "n_late": 6321, "rho_late": 0.882, "Q1": true, "Q2": true}
sub-A1815_ses-190523_b {"qualifies": true, "rho_wake": 1.048, "n_early": 2942, "rho_early": 0.152, "n_mid": 1781, "rho_mid": 0.381, "n_late": 3895, "rho_late": 1.214, "Q1": true, "Q2": false}
sub-A1821_ses-190910_b {"qualifies": true, "rho_wake": 1.005, "n_early": 2644, "rho_early": 0.689, "n_mid": 1502, "rho_mid": 1.005, "n_late": 2126, "rho_late": 1.176, "Q1": true, "Q2": false}
sub-A1824_ses-190827_b {"qualifies": true, "rho_wake": 1.079, "n_early": 2640, "rho_early": 0.491, "n_mid": 1492, "rho_mid": 0.556, "n_late": 3166, "rho_late": 1.073, "Q1": true, "Q2": false}
sub-A3701_ses-191119_b {"qualifies": true, "rho_wake": 0.965, "n_early": 4491, "rho_early": 0.483, "n_mid": 2751, "rho_mid": 0.534, "n_late": 9325, "rho_late": 0.822, "Q1": true, "Q2": true}
sub-A3702_ses-191126_b {"qualifies": true, "rho_wake": 0.995, "n_early": 4751, "rho_early": 0.481, "n_mid": 2372, "rho_mid": 0.569, "n_late": 3287, "rho_late": 0.651, "Q1": true, "Q2": true}
sub-A3703_ses-191215_b {"qualifies": true, "rho_wake": 0.853, "n_early": 3279, "rho_early": 0.279, "n_mid": 2996, "rho_mid": 0.354, "n_late": 30960, "rho_late": 0.383, "Q1": true, "Q2": true}
sub-A3705_ses-200306_b {"qualifies": true, "rho_wake": 0.975, "n_early": 12536, "rho_early": 0.475, "n_mid": 6992, "rho_mid": 0.589, "n_late": 10467, "rho_late": 0.725, "Q1": true, "Q2": true}
sub-A3706_ses-200313_b {"qualifies": true, "rho_wake": 0.939, "n_early": 5759, "rho_early": 0.332, "n_mid": 2318, "rho_mid": 0.458, "n_late": 2203, "rho_late": 0.59, "Q1": true, "Q2": true}
sub-A3707_ses-200317_b {"qualifies": true, "rho_wake": 0.937, "n_early": 6266, "rho_early": 0.448, "n_mid": 4308, "rho_mid": 0.51, "n_late": 10899, "rho_late": 0.577, "Q1": true, "Q2": true}
sub-A3708_ses-200317b_ {"qualifies": true, "rho_wake": 0.996, "n_early": 4746, "rho_early": 0.412, "n_mid": 2641, "rho_mid": 0.536, "n_late": 3454, "rho_late": 0.584, "Q1": true, "Q2": true}
sub-A3709_ses-200601_b {"qualifies": true, "rho_wake": null, "n_early": 5377, "rho_early": 0.478, "n_mid": 2850, "rho_mid": 0.838, "n_late": 4716, "rho_late": 0.508, "Q1": true, "Q2": null}
sub-A3710_ses-200609_b {"qualifies": true, "rho_wake": 1.003, "n_early": 5147, "rho_early": 0.484, "n_mid": 3591, "rho_mid": 0.543, "n_late": 18247, "rho_late": 0.85, "Q1": true, "Q2": true}
sub-A3711_ses-200810b_ {"qualifies": true, "rho_wake": 0.97, "n_early": 7572, "rho_early": 0.496, "n_mid": 4246, "rho_mid": 0.555, "n_late": 8315, "rho_late": 0.829, "Q1": true, "Q2": true}
sub-A3712_ses-200903a_ {"qualifies": true, "rho_wake": 0.83, "n_early": 5746, "rho_early": 0.334, "n_mid": 4169, "rho_mid": 0.419, "n_late": 16201, "rho_late": 0.522, "Q1": true, "Q2": true}
sub-A3713_ses-200909a_ {"qualifies": true, "rho_wake": 1.109, "n_early": 1444, "rho_early": 0.457, "n_mid": 543, "rho_mid": 0.744, "n_late": 3093, "rho_late": 1.237, "Q1": true, "Q2": false}
sub-A3716_ses-201015b_ {"qualifies": true, "rho_wake": 0.946, "n_early": 7123, "rho_early": 0.357, "n_mid": 4762, "rho_mid": 0.431, "n_late": 22622, "rho_late": 0.787, "Q1": true, "Q2": true}
sub-A3717_ses-201021_b {"qualifies": true, "rho_wake": 1.002, "n_early": 7156, "rho_early": 0.447, "n_mid": 4240, "rho_mid": 0.608, "n_late": 7668, "rho_late": 0.831, "Q1": true, "Q2": true}
sub-A3723_ses-201115_b {"qualifies": true, "rho_wake": 1.321, "n_early": 3212, "rho_early": 0.531, "n_mid": 1430, "rho_mid": 0.6, "n_late": 1452, "rho_late": 0.857, "Q1": true, "Q2": true}
sub-A3728_ses-210309b_ {"qualifies": true, "rho_wake": 1.045, "n_early": 1073, "rho_early": 0.014, "n_mid": 378, "rho_mid": 0.469, "n_late": 335, "rho_late": 0.845, "Q1": true, "Q2": true}
sub-A3730_ses-210323b_ {"qualifies": true, "rho_wake": 1.024, "n_early": 2754, "rho_early": 0.455, "n_mid": 1445, "rho_mid": 0.491, "n_late": 2099, "rho_late": 0.688, "Q1": true, "Q2": true}
sub-A5505_ses-200831_b {"qualifies": true, "rho_wake": 1.055, "n_early": 4779, "rho_early": 0.664, "n_mid": 2518, "rho_mid": 0.855, "n_late": 3792, "rho_late": 0.848, "Q1": true, "Q2": true}
sub-A5506_ses-200914a_ {"qualifies": true, "rho_wake": 1.287, "n_early": 4202, "rho_early": 0.412, "n_mid": 1696, "rho_mid": 0.416, "n_late": 1780, "rho_late": 0.12, "Q1": false, "Q2": true}
sub-A5507_ses-200920_b {"qualifies": true, "rho_wake": 1.095, "n_early": 4391, "rho_early": 0.481, "n_mid": 2490, "rho_mid": 0.588, "n_late": 5498, "rho_late": 0.55, "Q1": true, "Q2": true}
sub-A5508_ses-200930_b {"qualifies": true, "rho_wake": 1.067, "n_early": 5251, "rho_early": 0.354, "n_mid": 2961, "rho_mid": 0.433, "n_late": 4083, "rho_late": 0.746, "Q1": true, "Q2": true}
sub-A5801_ses-200924_b {"qualifies": true, "rho_wake": 1.455, "n_early": 902, "rho_early": 0.915, "n_mid": 334, "rho_mid": 0.672, "n_late": 271, "rho_late": 0.367, "Q1": false, "Q2": true}
sub-A6211_ses-210407_b {"qualifies": true, "rho_wake": 1.034, "n_early": 4271, "rho_early": 0.503, "n_mid": 1918, "rho_mid": 0.625, "n_late": 2128, "rho_late": 0.678, "Q1": true, "Q2": true}
sub-A6215_ses-210610_b {"qualifies": true, "rho_wake": 1.158, "n_early": 5231, "rho_early": 0.583, "n_mid": 3040, "rho_mid": 0.75, "n_late": 4939, "rho_late": 0.807, "Q1": true, "Q2": true}
sub-A6216_ses-210623_b {"qualifies": true, "rho_wake": 1.012, "n_early": 5022, "rho_early": 0.343, "n_mid": 3216, "rho_mid": 0.459, "n_late": 8195, "rho_late": 0.457, "Q1": true, "Q2": true}
sub-A9701_ses-210805_b {"qualifies": true, "rho_wake": 1.029, "n_early": 2599, "rho_early": 0.692, "n_mid": 1780, "rho_mid": 0.731, "n_late": 4232, "rho_late": 0.794, "Q1": true, "Q2": true}
model 581 {"qualifies": true, "rho_wake": 0.992, "n_early": 2640, "rho_early": 0.721, "n_mid": 2311, "rho_mid": 1.228, "n_late": 3251, "rho_late": 0.986, "Q1": true, "Q2": false}
model 582 {"qualifies": true, "rho_wake": 0.993, "n_early": 3042, "rho_early": 0.751, "n_mid": 2702, "rho_mid": 1.23, "n_late": 3957, "rho_late": 0.979, "Q1": true, "Q2": false}
model 583 {"qualifies": true, "rho_wake": 0.993, "n_early": 2578, "rho_early": 0.733, "n_mid": 2312, "rho_mid": 1.247, "n_late": 3461, "rho_late": 0.996, "Q1": true, "Q2": false}
model 584 {"qualifies": true, "rho_wake": 0.991, "n_early": 2736, "rho_early": 0.719, "n_mid": 2396, "rho_mid": 1.239, "n_late": 3502, "rho_late": 0.989, "Q1": true, "Q2": false}
model 585 {"qualifies": true, "rho_wake": 0.992, "n_early": 2903, "rho_early": 0.736, "n_mid": 2527, "rho_mid": 1.224, "n_late": 3579, "rho_late": 0.979, "Q1": true, "Q2": false}
MOUSE {"Q1_fraction": 0.9354838709677419, "Q1_n": 31, "Q2_fraction": 0.8666666666666667, "Q2_n": 30, "verdict": "SUSTAINED_WEAK_HOLDING", "median": {"rho_wake": 1.0266216649276312, "rho_early": 0.4751368786244199, "rho_mid": 0.5555532468274872, "rho_late": 0.7873024214901096, "n_early": 4491.0, "n_mid": 2490.0, "n_late": 4083.0}} 
MODEL {"Q1_fraction": 1.0, "Q1_n": 5, "Q2_fraction": 0.0, "Q2_n": 5, "verdict": "ONSET_ONLY", "median": {"rho_wake": 0.9920046514762474, "rho_early": 0.7332507744125484, "rho_mid": 1.230200296135559, "rho_late": 0.9857946866219643, "n_early": 2736.0, "n_mid": 2396.0, "n_late": 3502.0}}
EXIT 0
