== calibration (wake rho(0.3 s) only)
C:\dev\ce\ce-agi-runtime\research\ce_brain_a1_loop_20260923\step56_mouse_sleep_ring\mouse_sleep_ring.py:214: RuntimeWarning: Mean of empty slice
  avg = {k: np.nanmean(np.array(v), 0) for k, v in curves.items() if v}
C:\dev\ce\ce-agi-runtime\research\ce_brain_a1_loop_20260923\step56_mouse_sleep_ring\mouse_sleep_ring.py:218: RuntimeWarning: Mean of empty slice
  a, b = float(np.nanmean(c[pre])), float(np.nanmean(c[post]))
{"sigma": 0.02, "c_down": -1.0, "seed": 580, "gain": 24.0, "rho_all_3_wake": 1.001, "rho_all_3_nrem": 0.792, "rho_gap": 0.025, "rho_gap_matched_cont": 0.949, "rho_cont_2_nrem": 0.984, "rho_cont_2_wake": 1.001, "silent_nrem": 0.098, "silent_wake": 0.001, "ring_wake": 0.727, "ring_nrem": 0.853, "C_wake": 0.743, "C_nrem": 0.673, "ring_ratio": 1.172, "rate_change_index_at_waking": -0.004}
{"sigma": 0.05, "c_down": -1.0, "seed": 580, "gain": 23.998, "rho_all_3_wake": 1.001, "rho_all_3_nrem": 0.786, "rho_gap": 0.011, "rho_gap_matched_cont": 0.962, "rho_cont_2_nrem": 0.984, "rho_cont_2_wake": 1.001, "silent_nrem": 0.098, "silent_wake": 0.0, "ring_wake": 0.722, "ring_nrem": 0.855, "C_wake": 0.739, "C_nrem": 0.678, "ring_ratio": 1.184, "rate_change_index_at_waking": -0.01}
{"sigma": 0.1, "c_down": -1.0, "seed": 580, "gain": 23.984, "rho_all_3_wake": 0.998, "rho_all_3_nrem": 0.777, "rho_gap": 0.027, "rho_gap_matched_cont": 0.983, "rho_cont_2_nrem": 0.982, "rho_cont_2_wake": 0.999, "silent_nrem": 0.098, "silent_wake": 0.0, "ring_wake": 0.834, "ring_nrem": 0.86, "C_wake": 0.73, "C_nrem": 0.663, "ring_ratio": 1.032, "rate_change_index_at_waking": -0.011}
{"sigma": 0.2, "c_down": -1.0, "seed": 580, "gain": 24.272, "rho_all_3_wake": 0.988, "rho_all_3_nrem": 0.75, "rho_gap": -0.016, "rho_gap_matched_cont": 0.913, "rho_cont_2_nrem": 0.981, "rho_cont_2_wake": 0.993, "silent_nrem": 0.098, "silent_wake": 0.001, "ring_wake": 0.908, "ring_nrem": 0.897, "C_wake": 0.56, "C_nrem": 0.538, "ring_ratio": 0.988, "rate_change_index_at_waking": -0.012}
{"sigma": 0.4, "c_down": -1.0, "seed": 580, "gain": 22.85, "rho_all_3_wake": null, "rho_all_3_nrem": null, "rho_gap": null, "rho_gap_matched_cont": null, "rho_cont_2_nrem": null, "rho_cont_2_wake": null, "silent_nrem": 0.099, "silent_wake": 0.0, "ring_wake": 0.533, "ring_nrem": 0.701, "C_wake": -0.009, "C_nrem": -0.001, "ring_ratio": 1.316, "rate_change_index_at_waking": 0.011}
== calibrated sigma 0.2 gain 24.271688373877854
{"sigma": 0.2, "c_down": -1.0, "seed": 581, "gain": 24.272, "rho_all_3_wake": 0.987, "rho_all_3_nrem": 0.737, "rho_gap": -0.035, "rho_gap_matched_cont": 0.926, "rho_cont_2_nrem": 0.97, "rho_cont_2_wake": 0.992, "silent_nrem": 0.098, "silent_wake": 0.0, "ring_wake": 0.911, "ring_nrem": 0.897, "C_wake": 0.56, "C_nrem": 0.541, "ring_ratio": 0.986, "rate_change_index_at_waking": -0.022}
{"sigma": 0.2, "c_down": -1.0, "seed": 582, "gain": 24.272, "rho_all_3_wake": 0.989, "rho_all_3_nrem": 0.742, "rho_gap": -0.045, "rho_gap_matched_cont": 0.919, "rho_cont_2_nrem": 0.979, "rho_cont_2_wake": 0.993, "silent_nrem": 0.099, "silent_wake": 0.001, "ring_wake": 0.908, "ring_nrem": 0.897, "C_wake": 0.559, "C_nrem": 0.535, "ring_ratio": 0.988, "rate_change_index_at_waking": -0.013}
{"sigma": 0.2, "c_down": -1.0, "seed": 583, "gain": 24.272, "rho_all_3_wake": 0.987, "rho_all_3_nrem": 0.748, "rho_gap": -0.028, "rho_gap_matched_cont": 0.973, "rho_cont_2_nrem": 0.984, "rho_cont_2_wake": 0.993, "silent_nrem": 0.095, "silent_wake": 0.001, "ring_wake": 0.906, "ring_nrem": 0.897, "C_wake": 0.56, "C_nrem": 0.539, "ring_ratio": 0.99, "rate_change_index_at_waking": 0.005}
{"sigma": 0.2, "c_down": -1.0, "seed": 584, "gain": 24.272, "rho_all_3_wake": 0.987, "rho_all_3_nrem": 0.736, "rho_gap": -0.019, "rho_gap_matched_cont": 0.976, "rho_cont_2_nrem": 0.973, "rho_cont_2_wake": 0.991, "silent_nrem": 0.098, "silent_wake": 0.0, "ring_wake": 0.909, "ring_nrem": 0.898, "C_wake": 0.562, "C_nrem": 0.536, "ring_ratio": 0.988, "rate_change_index_at_waking": 0.003}
{"sigma": 0.2, "c_down": -1.0, "seed": 585, "gain": 24.272, "rho_all_3_wake": 0.986, "rho_all_3_nrem": 0.744, "rho_gap": 0.013, "rho_gap_matched_cont": 0.919, "rho_cont_2_nrem": 0.971, "rho_cont_2_wake": 0.992, "silent_nrem": 0.102, "silent_wake": 0.0, "ring_wake": 0.909, "ring_nrem": 0.897, "C_wake": 0.56, "C_nrem": 0.537, "ring_ratio": 0.987, "rate_change_index_at_waking": 0.004}
{"sigma": 0.2, "c_down": 0.0, "seed": 581, "gain": 24.272, "rho_all_3_wake": 0.987, "rho_all_3_nrem": 0.719, "rho_gap": 0.018, "rho_gap_matched_cont": 0.891, "rho_cont_2_nrem": 0.947, "rho_cont_2_wake": 0.992, "silent_nrem": 0.038, "silent_wake": 0.0, "ring_wake": 0.911, "ring_nrem": 0.897, "C_wake": 0.56, "C_nrem": 0.532, "ring_ratio": 0.985, "rate_change_index_at_waking": -0.032}
{"sigma": 0.2, "c_down": 0.0, "seed": 582, "gain": 24.272, "rho_all_3_wake": 0.989, "rho_all_3_nrem": 0.724, "rho_gap": -0.042, "rho_gap_matched_cont": 0.961, "rho_cont_2_nrem": 0.952, "rho_cont_2_wake": 0.993, "silent_nrem": 0.041, "silent_wake": 0.001, "ring_wake": 0.907, "ring_nrem": 0.896, "C_wake": 0.559, "C_nrem": 0.526, "ring_ratio": 0.988, "rate_change_index_at_waking": -0.019}
{"sigma": 0.2, "c_down": 0.0, "seed": 583, "gain": 24.272, "rho_all_3_wake": 0.987, "rho_all_3_nrem": 0.729, "rho_gap": -0.003, "rho_gap_matched_cont": 0.913, "rho_cont_2_nrem": 0.958, "rho_cont_2_wake": 0.993, "silent_nrem": 0.036, "silent_wake": 0.001, "ring_wake": 0.906, "ring_nrem": 0.899, "C_wake": 0.56, "C_nrem": 0.528, "ring_ratio": 0.992, "rate_change_index_at_waking": -0.006}
{"sigma": 0.2, "c_down": 0.0, "seed": 584, "gain": 24.272, "rho_all_3_wake": 0.987, "rho_all_3_nrem": 0.717, "rho_gap": -0.048, "rho_gap_matched_cont": 0.952, "rho_cont_2_nrem": 0.947, "rho_cont_2_wake": 0.991, "silent_nrem": 0.038, "silent_wake": 0.0, "ring_wake": 0.909, "ring_nrem": 0.896, "C_wake": 0.562, "C_nrem": 0.528, "ring_ratio": 0.986, "rate_change_index_at_waking": -0.013}
{"sigma": 0.2, "c_down": 0.0, "seed": 585, "gain": 24.272, "rho_all_3_wake": 0.986, "rho_all_3_nrem": 0.732, "rho_gap": 0.038, "rho_gap_matched_cont": 0.947, "rho_cont_2_nrem": 0.951, "rho_cont_2_wake": 0.992, "silent_nrem": 0.041, "silent_wake": 0.0, "ring_wake": 0.909, "ring_nrem": 0.897, "C_wake": 0.559, "C_nrem": 0.528, "ring_ratio": 0.986, "rate_change_index_at_waking": -0.013}
verdict SLEEP_EQUATION_PARTIAL {"M1_reset": true, "M2_nrem_scatters": false, "M3_structure_kept": true, "M4_weak_holding_inside_up": false} primary medians {"gain": 24.272, "rho_all_3_wake": 0.987, "rho_all_3_nrem": 0.742, "rho_gap": -0.028, "rho_gap_matched_cont": 0.926, "rho_cont_2_nrem": 0.973, "rho_cont_2_wake": 0.992, "silent_nrem": 0.098, "silent_wake": 0.0, "ring_wake": 0.909, "ring_nrem": 0.897, "C_wake": 0.56, "C_nrem": 0.537, "ring_ratio": 0.988, "rate_change_index_at_waking": 0.003}
EXIT 0
