sub-A1808_ses-190807_b gaps 2151 early 0.09371274438313723 late 0.1632947052698713 R1 False R2 False
sub-A1813_ses-190408_b gaps 2423 early 0.2581360545377894 late 0.20604640376131467 R1 False R2 False
sub-A1815_ses-190523_b gaps 1838 early -0.36644259337126656 late -0.22828076898167055 R1 False R2 True
sub-A1821_ses-190910_b gaps 2872 early 0.21068140966312554 late 0.2395353627864103 R1 False R2 False
sub-A1824_ses-190827_b gaps 2005 early -0.04961103723478311 late -0.011732684430473638 R1 False R2 True
sub-A3701_ses-191119_b gaps 2371 early -0.02923092951451315 late 0.05225715117345439 R1 False R2 True
sub-A3702_ses-191126_b gaps 3096 early -0.060059040735991116 late 0.04343802321467351 R1 False R2 True
sub-A3703_ses-191215_b gaps 1276 early -0.07176986355784268 late 0.04237038625315226 R1 False R2 True
sub-A3705_ses-200306_b gaps 7292 early -0.008509037438206258 late 0.06351024921878451 R1 False R2 True
sub-A3706_ses-200313_b gaps 4555 early -0.07682640553949607 late -0.01242883727081084 R1 False R2 True
sub-A3707_ses-200317_b gaps 3170 early 0.04522046272050471 late 0.08684856207347999 R1 False R2 True
sub-A3708_ses-200317b_ gaps 3064 early -0.03312972179552671 late -0.0068131657848443375 R1 False R2 True
sub-A3709_ses-200601_b gaps 4769 early -0.44108126345925397 late -0.20270173720020515 R1 False R2 True
sub-A3710_ses-200609_b gaps 2396 early 0.049975639921855525 late 0.18598625933935353 R1 False R2 False
sub-A3711_ses-200810b_ gaps 4430 early 0.07742023111631964 late 0.1567902019414049 R1 False R2 False
sub-A3712_ses-200903a_ gaps 2762 early 0.11509540094645758 late 0.13013705777009313 R1 False R2 False
sub-A3713_ses-200909a_ gaps 2303 early -0.08863391528926298 late 0.2323114410927651 R1 True R2 False
sub-A3716_ses-201015b_ gaps 3140 early -0.06289321758769319 late 0.03995853423356205 R1 False R2 True
sub-A3717_ses-201021_b gaps 4256 early -0.05614488864149466 late 0.09253118675633794 R1 False R2 True
sub-A3723_ses-201115_b gaps 2763 early 0.2342135420009928 late 0.25007432691261994 R1 False R2 False
sub-A3728_ses-210309b_ gaps 1207 early -0.963628542848577 late -0.3720287770276435 R1 False R2 True
sub-A3730_ses-210323b_ gaps 1615 early 0.07992270874867394 late 0.1853167553568992 R1 False R2 False
sub-A5505_ses-200831_b gaps 4020 early 0.11496955456828514 late 0.13430367981817848 R1 False R2 False
sub-A5506_ses-200914a_ gaps 4128 early 0.3075982054772641 late 0.15445164962530766 R1 False R2 False
sub-A5507_ses-200920_b gaps 3287 early 0.08941401744440618 late 0.057236645505772205 R1 False R2 True
sub-A5508_ses-200930_b gaps 3536 early -0.1617493043758228 late -0.07102672161715591 R1 False R2 True
sub-A5801_ses-200924_b gaps 1405 early 0.031054540535436374 late -0.016835118698174716 R1 False R2 True
sub-A6211_ses-210407_b gaps 3101 early 0.15836833787891774 late 0.17774478920384978 R1 False R2 False
sub-A6215_ses-210610_b gaps 3309 early 0.056284898804606194 late 0.2922939062167348 R1 True R2 False
sub-A6216_ses-210623_b gaps 3440 early -0.15609278863302808 late -0.11652426333057002 R1 False R2 True
sub-A9701_ses-210805_b gaps 1949 early 0.08138632441232747 late 0.15836433001893932 R1 False R2 False
model 581 -0.029388197196192258 0.017807840299223
model 582 -0.07377546594487862 -0.045053581435287884
model 583 -0.03123781882982887 -0.011949430206722775
model 584 -0.06989967460898429 -0.03048747510681792
model 585 0.009641877299749009 0.0015051570357156017
MOUSE {"R1_fraction": 0.06451612903225806, "R1_n": 31, "R2_fraction": 0.5483870967741935, "R2_n": 31, "verdict": "INTERMEDIATE", "median_rho_early": 0.031054540535436374, "median_rho_late": 0.08684856207347999, "median_rho_by_d": {"1": 0.023912523948968166, "2": 0.016475276544369505, "3": 0.028392769041072023, "4": 0.07289997665541247, "5": 0.07895403198435597, "6": 0.10323439583556857, "7": 0.09050369374399304, "8": 0.10453390163407056, "9": 0.10308563232342843, "10": 0.1373845182606766}} 
MODEL {"R1_fraction": 0.0, "R1_n": 5, "R2_fraction": 1.0, "R2_n": 5, "verdict": "HEADING_LOST", "median_rho_early": -0.03123781882982887, "median_rho_late": -0.011949430206722775, "median_rho_by_d": {"1": -0.14310472541095595, "2": -0.01083118611116874, "3": -0.01586851880104789, "4": -0.008265174485616937, "5": 0.004695027468156596, "6": -0.002266940646374046, "7": -0.011824006784410333, "8": -0.029231941936258988, "9": -0.03913622945734512, "10": -0.03903463091828223}}
EXIT 0
