mouse targets {"re_late": 0.08386137040284382, "up_late": 0.6829271921184835} mouse medians {"re_early": 0.030821639390376254, "re_late": 0.08386137040284382, "up_early": 0.46749425993415716, "up_mid": 0.5484059473577564, "up_late": 0.6829271921184835}
{"a_nrem": 0.05, "s_nrem": 30.0, "seed": 620, "re_early": 0.721, "re_late": 0.853, "up_early": 0.916, "up_mid": 0.982, "up_late": 0.944}
{"a_nrem": 0.05, "s_nrem": 60.0, "seed": 620, "re_early": 0.396, "re_late": 0.494, "up_early": 0.914, "up_mid": 0.982, "up_late": 0.939}
{"a_nrem": 0.05, "s_nrem": 90.0, "seed": 620, "re_early": 0.126, "re_late": 0.157, "up_early": 0.909, "up_mid": 0.983, "up_late": 0.942}
{"a_nrem": 0.1, "s_nrem": 30.0, "seed": 620, "re_early": 0.831, "re_late": 0.907, "up_early": 0.938, "up_mid": 0.972, "up_late": 0.951}
{"a_nrem": 0.1, "s_nrem": 60.0, "seed": 620, "re_early": 0.512, "re_late": 0.628, "up_early": 0.93, "up_mid": 0.97, "up_late": 0.937}
{"a_nrem": 0.1, "s_nrem": 90.0, "seed": 620, "re_early": 0.186, "re_late": 0.241, "up_early": 0.934, "up_mid": 0.976, "up_late": 0.935}
{"a_nrem": 0.2, "s_nrem": 30.0, "seed": 620, "re_early": 0.842, "re_late": 0.879, "up_early": 0.928, "up_mid": 0.946, "up_late": 0.931}
{"a_nrem": 0.2, "s_nrem": 60.0, "seed": 620, "re_early": 0.535, "re_late": 0.665, "up_early": 0.894, "up_mid": 0.917, "up_late": 0.895}
{"a_nrem": 0.2, "s_nrem": 90.0, "seed": 620, "re_early": 0.22, "re_late": 0.311, "up_early": 0.908, "up_mid": 0.939, "up_late": 0.9}
{"a_nrem": 0.4, "s_nrem": 30.0, "seed": 620, "re_early": 0.839, "re_late": 0.855, "up_early": 0.903, "up_mid": 0.913, "up_late": 0.901}
{"a_nrem": 0.4, "s_nrem": 60.0, "seed": 620, "re_early": 0.507, "re_late": 0.547, "up_early": 0.711, "up_mid": 0.73, "up_late": 0.716}
{"a_nrem": 0.4, "s_nrem": 90.0, "seed": 620, "re_early": 0.195, "re_late": 0.242, "up_early": 0.564, "up_mid": 0.564, "up_late": 0.537}
fitted A_NREM 0.4 S_NREM 90.0 loss 0.04649343625526932
C:\dev\ce\ce-agi-runtime\research\ce_brain_a1_loop_20260923\step56_mouse_sleep_ring\mouse_sleep_ring.py:214: RuntimeWarning: Mean of empty slice
  avg = {k: np.nanmean(np.array(v), 0) for k, v in curves.items() if v}
C:\dev\ce\ce-agi-runtime\research\ce_brain_a1_loop_20260923\step56_mouse_sleep_ring\mouse_sleep_ring.py:218: RuntimeWarning: Mean of empty slice
  a, b = float(np.nanmean(c[pre])), float(np.nanmean(c[post]))
{"a_nrem": 0.4, "s_nrem": 90.0, "seed": 621, "re_early": 0.211, "re_late": 0.282, "up_early": 0.532, "up_mid": 0.561, "up_late": 0.559, "rho_all_3_nrem": 0.353, "rho_all_3_wake": 0.983, "rho_gap": 0.182, "ring_wake": 0.767, "ring_nrem": 0.908, "ring_ratio": 1.184}
{"a_nrem": 0.4, "s_nrem": 90.0, "seed": 622, "re_early": 0.246, "re_late": 0.241, "up_early": 0.564, "up_mid": 0.564, "up_late": 0.557, "rho_all_3_nrem": 0.365, "rho_all_3_wake": 0.983, "rho_gap": 0.212, "ring_wake": 0.765, "ring_nrem": 0.908, "ring_ratio": 1.186}
{"a_nrem": 0.4, "s_nrem": 90.0, "seed": 623, "re_early": 0.184, "re_late": 0.23, "up_early": 0.573, "up_mid": 0.58, "up_late": 0.543, "rho_all_3_nrem": 0.366, "rho_all_3_wake": 0.983, "rho_gap": 0.129, "ring_wake": 0.765, "ring_nrem": 0.902, "ring_ratio": 1.18}
{"a_nrem": 0.4, "s_nrem": 90.0, "seed": 624, "re_early": 0.202, "re_late": 0.259, "up_early": 0.572, "up_mid": 0.579, "up_late": 0.542, "rho_all_3_nrem": 0.363, "rho_all_3_wake": 0.984, "rho_gap": 0.175, "ring_wake": 0.767, "ring_nrem": 0.91, "ring_ratio": 1.187}
{"a_nrem": 0.4, "s_nrem": 90.0, "seed": 625, "re_early": 0.177, "re_late": 0.256, "up_early": 0.568, "up_mid": 0.564, "up_late": 0.561, "rho_all_3_nrem": 0.361, "rho_all_3_wake": 0.983, "rho_gap": 0.126, "ring_wake": 0.766, "ring_nrem": 0.911, "ring_ratio": 1.19}
verdict UPSTREAM_PULL_PARTIAL {"P1_reset": false, "P2_inside_up_early": true, "P3_nrem_scatter": true, "P4_time_course": true, "P5_structure_kept": true, "P6_wake_holding": true} profile r 0.7823603743790354 
model {"re_early": 0.202, "re_late": 0.256, "up_early": 0.568, "up_mid": 0.564, "up_late": 0.557, "rho_all_3_nrem": 0.363, "rho_all_3_wake": 0.983, "rho_gap": 0.175, "ring_ratio": 1.186} 
model profile [0.199, 0.206, 0.234, 0.252, 0.252, 0.251, 0.247, 0.264, 0.255, 0.249] 
mouse profile [0.019, -0.008, 0.019, 0.037, 0.047, 0.06, 0.078, 0.101, 0.105, 0.096]
EXIT 0
