== malecns g* 0.013933573407032988
   h 0.0 {"g": 0.004, "g_over_mapped": 0.85, "max_abs_err": 93.097, "median_abs_err": 30.184, "retention_22p5": 0.375, "distinct_end_positions": 3, "C1": false} rot 0.8380631963367329
   h 0.25 {"g": 0.005, "g_over_mapped": 1.0, "max_abs_err": 99.252, "median_abs_err": 29.249, "retention_22p5": 0.375, "distinct_end_positions": 3, "C1": false}  null
   h 0.5 {"g": 0.005, "g_over_mapped": 1.04, "max_abs_err": 98.907, "median_abs_err": 29.509, "retention_22p5": 0.391, "distinct_end_positions": 3, "C1": false}  null
   h 0.75 {"g": 0.005, "g_over_mapped": 1.05, "max_abs_err": 64.746, "median_abs_err": 24.277, "retention_22p5": 0.484, "distinct_end_positions": 4, "C1": false}  null
   h 0.9 {"g": 0.005, "g_over_mapped": 1.05, "max_abs_err": 54.539, "median_abs_err": 15.1, "retention_22p5": 0.703, "distinct_end_positions": 8, "C1": false}  null
   h 1.0 {"g": 0.005, "g_over_mapped": 0.95, "max_abs_err": 54.957, "median_abs_err": 11.249, "retention_22p5": 0.688, "distinct_end_positions": 11, "C1": false} rot 0.21462109953329325
== hemibrain g* 0.020184791045381546
   h 0.0 {"g": 0.007, "g_over_mapped": 0.93, "max_abs_err": 91.179, "median_abs_err": 33.565, "retention_22p5": 0.344, "distinct_end_positions": 3, "C1": false} rot 17.799546619068277
   h 0.25 {"g": 0.006, "g_over_mapped": 0.88, "max_abs_err": 87.851, "median_abs_err": 33.564, "retention_22p5": 0.344, "distinct_end_positions": 3, "C1": false}  null
   h 0.5 {"g": 0.006, "g_over_mapped": 0.9, "max_abs_err": 78.908, "median_abs_err": 29.932, "retention_22p5": 0.375, "distinct_end_positions": 3, "C1": false}  null
   h 0.75 {"g": 0.007, "g_over_mapped": 1.03, "max_abs_err": 70.489, "median_abs_err": 30.592, "retention_22p5": 0.375, "distinct_end_positions": 5, "C1": false}  null
   h 0.9 {"g": 0.008, "g_over_mapped": 1.12, "max_abs_err": 49.491, "median_abs_err": 15.425, "retention_22p5": 0.719, "distinct_end_positions": 8, "C1": false}  null
   h 1.0 {"g": 0.007, "g_over_mapped": 0.95, "max_abs_err": 54.687, "median_abs_err": 9.206, "retention_22p5": 0.688, "distinct_end_positions": 12, "C1": false} rot 0.7801424403438818
== flywire g* 0.05064879535542814
   h 0.0 {"g": 0.014, "g_over_mapped": 0.81, "max_abs_err": 83.365, "median_abs_err": 29.583, "retention_22p5": 0.375, "distinct_end_positions": 3, "C1": false} rot NaN
   h 0.25 {"g": 0.015, "g_over_mapped": 0.88, "max_abs_err": 60.354, "median_abs_err": 26.333, "retention_22p5": 0.406, "distinct_end_positions": 4, "C1": false}  null
   h 0.5 {"g": 0.014, "g_over_mapped": 0.8, "max_abs_err": 83.419, "median_abs_err": 29.847, "retention_22p5": 0.375, "distinct_end_positions": 3, "C1": false}  null
   h 0.75 {"g": 0.014, "g_over_mapped": 0.8, "max_abs_err": 89.787, "median_abs_err": 29.335, "retention_22p5": 0.375, "distinct_end_positions": 3, "C1": false}  null
   h 0.9 {"g": 0.014, "g_over_mapped": 0.8, "max_abs_err": 95.661, "median_abs_err": 35.035, "retention_22p5": 0.344, "distinct_end_positions": 3, "C1": false}  null
Traceback (most recent call last):
  File "C:\dev\ce\ce-agi-runtime\research\ce_brain_a1_loop_20260923\step47_neuron_level_wells\neuron_level_wells.py", line 217, in <module>
    main()
  File "C:\dev\ce\ce-agi-runtime\research\ce_brain_a1_loop_20260923\step47_neuron_level_wells\neuron_level_wells.py", line 206, in main
    res[name] = analyse(matrices(*data), g_star)
                ^^^^^^^^^^^^^^^^^^^^^^^^^^^^^^^^
  File "C:\dev\ce\ce-agi-runtime\research\ce_brain_a1_loop_20260923\step47_neuron_level_wells\neuron_level_wells.py", line 179, in analyse
    finals = (CUES + e) % 360
              ~~~~~^~~
TypeError: unsupported operand type(s) for +: 'float' and 'NoneType'
