{"a_nrem": 0.1, "d_nrem": 1.0, "seed": 630, "re_early": 0.636, "re_late": 0.517, "up_early": 0.935, "up_mid": 0.951, "up_late": 0.928}
{"a_nrem": 0.1, "d_nrem": 2.0, "seed": 630, "re_early": 0.351, "re_late": 0.273, "up_early": 0.93, "up_mid": 0.945, "up_late": 0.914}
{"a_nrem": 0.1, "d_nrem": 4.0, "seed": 630, "re_early": 0.099, "re_late": 0.061, "up_early": 0.923, "up_mid": 0.957, "up_late": 0.916}
{"a_nrem": 0.1, "d_nrem": 8.0, "seed": 630, "re_early": -0.001, "re_late": 0.02, "up_early": 0.936, "up_mid": 0.966, "up_late": 0.903}
{"a_nrem": 0.2, "d_nrem": 1.0, "seed": 630, "re_early": 0.719, "re_late": 0.495, "up_early": 0.916, "up_mid": 0.912, "up_late": 0.904}
{"a_nrem": 0.2, "d_nrem": 2.0, "seed": 630, "re_early": 0.468, "re_late": 0.238, "up_early": 0.879, "up_mid": 0.866, "up_late": 0.845}
{"a_nrem": 0.2, "d_nrem": 4.0, "seed": 630, "re_early": 0.195, "re_late": 0.094, "up_early": 0.856, "up_mid": 0.853, "up_late": 0.839}
{"a_nrem": 0.2, "d_nrem": 8.0, "seed": 630, "re_early": 0.027, "re_late": 0.069, "up_early": 0.88, "up_mid": 0.901, "up_late": 0.846}
{"a_nrem": 0.4, "d_nrem": 1.0, "seed": 630, "re_early": 0.753, "re_late": 0.473, "up_early": 0.892, "up_mid": 0.885, "up_late": 0.88}
{"a_nrem": 0.4, "d_nrem": 2.0, "seed": 630, "re_early": 0.538, "re_late": 0.228, "up_early": 0.81, "up_mid": 0.783, "up_late": 0.778}
{"a_nrem": 0.4, "d_nrem": 4.0, "seed": 630, "re_early": 0.287, "re_late": 0.052, "up_early": 0.651, "up_mid": 0.627, "up_late": 0.637}
{"a_nrem": 0.4, "d_nrem": 8.0, "seed": 630, "re_early": 0.076, "re_late": 0.017, "up_early": 0.485, "up_mid": 0.452, "up_late": 0.444}
{"a_nrem": 0.8, "d_nrem": 1.0, "seed": 630, "re_early": 0.755, "re_late": 0.467, "up_early": 0.879, "up_mid": 0.872, "up_late": 0.864}
{"a_nrem": 0.8, "d_nrem": 2.0, "seed": 630, "re_early": 0.546, "re_late": 0.222, "up_early": 0.782, "up_mid": 0.755, "up_late": 0.751}
{"a_nrem": 0.8, "d_nrem": 4.0, "seed": 630, "re_early": 0.292, "re_late": 0.051, "up_early": 0.586, "up_mid": 0.565, "up_late": 0.571}
{"a_nrem": 0.8, "d_nrem": 8.0, "seed": 630, "re_early": 0.103, "re_late": 0.007, "up_early": 0.342, "up_mid": 0.328, "up_late": 0.328}
fitted A_NREM 0.4 D_NREM 4.0 loss 0.003149748759783695
C:\dev\ce\ce-agi-runtime\research\ce_brain_a1_loop_20260923\step56_mouse_sleep_ring\mouse_sleep_ring.py:214: RuntimeWarning: Mean of empty slice
  avg = {k: np.nanmean(np.array(v), 0) for k, v in curves.items() if v}
C:\dev\ce\ce-agi-runtime\research\ce_brain_a1_loop_20260923\step56_mouse_sleep_ring\mouse_sleep_ring.py:218: RuntimeWarning: Mean of empty slice
  a, b = float(np.nanmean(c[pre])), float(np.nanmean(c[post]))
{"a_nrem": 0.4, "d_nrem": 4.0, "seed": 631, "re_early": 0.302, "re_late": 0.058, "up_early": 0.648, "up_mid": 0.639, "up_late": 0.63, "rho_all_3_nrem": 0.419, "rho_all_3_wake": 0.983, "rho_gap": 0.29, "ring_wake": 0.766, "ring_nrem": 0.89, "ring_ratio": 1.161}
{"a_nrem": 0.4, "d_nrem": 4.0, "seed": 632, "re_early": 0.284, "re_late": 0.076, "up_early": 0.651, "up_mid": 0.646, "up_late": 0.629, "rho_all_3_nrem": 0.421, "rho_all_3_wake": 0.983, "rho_gap": 0.27, "ring_wake": 0.765, "ring_nrem": 0.89, "ring_ratio": 1.164}
{"a_nrem": 0.4, "d_nrem": 4.0, "seed": 633, "re_early": 0.332, "re_late": 0.058, "up_early": 0.637, "up_mid": 0.636, "up_late": 0.628, "rho_all_3_nrem": 0.416, "rho_all_3_wake": 0.983, "rho_gap": 0.306, "ring_wake": 0.767, "ring_nrem": 0.89, "ring_ratio": 1.161}
{"a_nrem": 0.4, "d_nrem": 4.0, "seed": 634, "re_early": 0.325, "re_late": 0.074, "up_early": 0.658, "up_mid": 0.622, "up_late": 0.63, "rho_all_3_nrem": 0.413, "rho_all_3_wake": 0.983, "rho_gap": 0.277, "ring_wake": 0.766, "ring_nrem": 0.89, "ring_ratio": 1.161}
{"a_nrem": 0.4, "d_nrem": 4.0, "seed": 635, "re_early": 0.278, "re_late": 0.016, "up_early": 0.646, "up_mid": 0.63, "up_late": 0.639, "rho_all_3_nrem": 0.413, "rho_all_3_wake": 0.982, "rho_gap": 0.268, "ring_wake": 0.755, "ring_nrem": 0.891, "ring_ratio": 1.18}
verdict FREE_RUNNING_UPSTREAM_PARTIAL {"P1_reset": false, "P2_inside_up_early": true, "P3_nrem_scatter": true, "P4_curve_level": false, "P5_structure_kept": true, "P6_wake_holding": true} profile MAD 0.1259358826542591 D_NREM/D_W 51.6 
model {"re_early": 0.302, "re_late": 0.058, "up_early": 0.648, "up_mid": 0.636, "up_late": 0.63, "rho_all_3_nrem": 0.416, "rho_all_3_wake": 0.983, "rho_gap": 0.277, "ring_ratio": 1.161} 
model profile [0.322, 0.28, 0.228, 0.174, 0.104, 0.065, 0.06, 0.044, 0.027, -0.013] 
mouse profile [0.019, -0.008, 0.019, 0.037, 0.047, 0.06, 0.078, 0.101, 0.105, 0.096]
EXIT 0
