fit: 290 sessions
[batch] 4.7 GB free -> 5 workers instead of 6
[batch] 20/290 done, 117 s elapsed
[batch] 40/290 done, 193 s elapsed
[batch] 60/290 done, 216 s elapsed
[batch] 80/290 done, 237 s elapsed
[batch] 100/290 done, 258 s elapsed
[batch] 120/290 done, 279 s elapsed
[batch] 140/290 done, 298 s elapsed
[batch] 160/290 done, 318 s elapsed
[batch] 180/290 done, 342 s elapsed
[batch] 200/290 done, 362 s elapsed
[batch] 220/290 done, 381 s elapsed
[batch] 240/290 done, 401 s elapsed
[batch] 260/290 done, 424 s elapsed
[batch] 280/290 done, 448 s elapsed
[batch] 290/290 done, 458 s elapsed
best H0: {"p": {}, "loss": 121.45571318769973, "up_late": 0.9136021490231523, "rho_all_3_nrem": 0.7372349869684964}
best H1: {"p": {"tau_f": 0.05, "g_E": 1.0}, "loss": 41.620245621148, "up_late": 0.840328054374126, "rho_all_3_nrem": 0.5421946997177682}
best H2: {"p": {"A": 0.4, "S": 90.0}, "loss": 12.602298593186447, "up_late": 0.556933256157838, "rho_all_3_nrem": 0.3660974150851697}
best H3: {"p": {"A": 0.4, "D": 4.0}, "loss": 5.333121484038298, "up_late": 0.6319498987964722, "rho_all_3_nrem": 0.40400093237155604}
best H4: {"p": {"A": 0.4, "S": 90.0}, "loss": 13.349921157597116, "up_late": 0.5514442513751561, "rho_all_3_nrem": 0.3593943515624549}
best H5: {"p": {"A": 0.4, "D": 4.0}, "loss": 5.3724457486632975, "up_late": 0.6244785523971603, "rho_all_3_nrem": 0.396821540156708}
best H6: {"p": {"g_E": 0.85, "g_I": 1.0}, "loss": 1.136880756932052, "up_late": 0.6865008022535581, "rho_all_3_nrem": 0.36746670395620307}
best H7: {"p": {"m": 2.0, "tau_n": 0.1}, "loss": 48.22977809851847, "up_late": 0.4410675001806683, "rho_all_3_nrem": 0.20859969886114654}
best H8: {"p": {"g_a": 2.0, "A": 0.4}, "loss": 12.755639759195127, "up_late": 0.5518288205839981, "rho_all_3_nrem": 0.2949295384644046}
best H9: {"p": {"A": 0.4, "D": 4.0}, "loss": 3.1529891664774445, "up_late": 0.6176638543683303, "rho_all_3_nrem": 0.3075788880059842}
validation: 100 sessions
[batch] 20/100 done, 76 s elapsed
[batch] 40/100 done, 97 s elapsed
[batch] 60/100 done, 121 s elapsed
[batch] 80/100 done, 141 s elapsed
[batch] 100/100 done, 162 s elapsed
