IFB calibration {"I_ct": 0.850096474091788, "I_hd": 1.2065286569926685, "rate_bg": 2.07, "below_vh_bg": 0.0, "rate_pk": 41.105, "below_vh_pk": 0.0, "burst_rate_50ms_after_0p2s_down": 36.345, "extra_spikes_per_cell": 1.71775, "h_at_up_onset": 0.38461826432520013, "B": 2.090737585199611, "h_ref": 0.8646647167633873}
fit: 290 sessions
[batch] 4.7 GB free -> 5 workers instead of 6
[batch] 20/290 done, 117 s elapsed
[batch] 40/290 done, 193 s elapsed
[batch] 60/290 done, 216 s elapsed
[batch] 80/290 done, 237 s elapsed
[batch] 100/290 done, 258 s elapsed
[batch] 120/290 done, 279 s elapsed
[batch] 140/290 done, 298 s elapsed
[batch] 160/290 done, 318 s elapsed
[batch] 180/290 done, 342 s elapsed
[batch] 200/290 done, 362 s elapsed
[batch] 220/290 done, 381 s elapsed
[batch] 240/290 done, 401 s elapsed
[batch] 260/290 done, 424 s elapsed
[batch] 280/290 done, 448 s elapsed
[batch] 290/290 done, 458 s elapsed
best H0: {"p": {}, "loss": 121.45571318769973, "up_late": 0.9136021490231523, "rho_all_3_nrem": 0.7372349869684964}
best H1: {"p": {"tau_f": 0.05, "g_E": 1.0}, "loss": 41.620245621148, "up_late": 0.840328054374126, "rho_all_3_nrem": 0.5421946997177682}
best H2: {"p": {"A": 0.4, "S": 90.0}, "loss": 12.602298593186447, "up_late": 0.556933256157838, "rho_all_3_nrem": 0.3660974150851697}
best H3: {"p": {"A": 0.4, "D": 4.0}, "loss": 5.333121484038298, "up_late": 0.6319498987964722, "rho_all_3_nrem": 0.40400093237155604}
best H4: {"p": {"A": 0.4, "S": 90.0}, "loss": 13.349921157597116, "up_late": 0.5514442513751561, "rho_all_3_nrem": 0.3593943515624549}
best H5: {"p": {"A": 0.4, "D": 4.0}, "loss": 5.3724457486632975, "up_late": 0.6244785523971603, "rho_all_3_nrem": 0.396821540156708}
best H6: {"p": {"g_E": 0.85, "g_I": 1.0}, "loss": 1.136880756932052, "up_late": 0.6865008022535581, "rho_all_3_nrem": 0.36746670395620307}
best H7: {"p": {"m": 2.0, "tau_n": 0.1}, "loss": 48.22977809851847, "up_late": 0.4410675001806683, "rho_all_3_nrem": 0.20859969886114654}
best H8: {"p": {"g_a": 2.0, "A": 0.4}, "loss": 12.755639759195127, "up_late": 0.5518288205839981, "rho_all_3_nrem": 0.2949295384644046}
best H9: {"p": {"A": 0.4, "D": 4.0}, "loss": 3.1529891664774445, "up_late": 0.6176638543683303, "rho_all_3_nrem": 0.3075788880059842}
validation: 100 sessions
[batch] 20/100 done, 76 s elapsed
[batch] 40/100 done, 97 s elapsed
[batch] 60/100 done, 121 s elapsed
[batch] 80/100 done, 141 s elapsed
[batch] 100/100 done, 162 s elapsed
verdict NO_EXTENSION_CONSISTENT
H7 {"m": 2.0, "tau_n": 0.1} PARTIAL fit_ok False held 5 / 9  z2 69.1 {'up_late': 0.454, 'rho_all_3_nrem': 0.215, 're_early': 0.029, 're_late': -0.004, 'rise': -0.031, 'up_early': 0.484, 'up_mid': 0.452, 'rho_gap': 0.026, 'ring_ratio': 1.051, 'rho_all_3_wake': 0.983} mad 0.062
H9 {"A": 0.4, "D": 4.0} PARTIAL fit_ok False held 3 / 9  z2 115.6 {'up_late': 0.601, 'rho_all_3_nrem': 0.313, 're_early': -0.139, 're_late': 0.061, 'rise': 0.198, 'up_early': 0.468, 'up_mid': 0.641, 'rho_gap': -0.146, 'ring_ratio': 1.154, 'rho_all_3_wake': 0.983} mad 0.085
H4 {"A": 0.4, "S": 90.0} PARTIAL fit_ok False held 3 / 9  z2 121.1 {'up_late': 0.555, 'rho_all_3_nrem': 0.355, 're_early': 0.191, 're_late': 0.267, 'rise': 0.067, 'up_early': 0.549, 'up_mid': 0.568, 'rho_gap': 0.118, 'ring_ratio': 1.183, 'rho_all_3_wake': 0.983} mad 0.187
H2 {"A": 0.4, "S": 90.0} PARTIAL fit_ok False held 3 / 9  z2 135.8 {'up_late': 0.556, 'rho_all_3_nrem': 0.364, 're_early': 0.198, 're_late': 0.269, 'rise': 0.065, 'up_early': 0.555, 'up_mid': 0.573, 'rho_gap': 0.155, 'ring_ratio': 1.183, 'rho_all_3_wake': 0.983} mad 0.187
H0 {} PARTIAL fit_ok False held 3 / 9  z2 1281.3 {'up_late': 0.916, 'rho_all_3_nrem': 0.743, 're_early': -0.03, 're_late': -0.006, 'rise': 0.023, 'up_early': 0.914, 'up_mid': 0.989, 'rho_gap': -0.008, 'ring_ratio': 1.174, 'rho_all_3_wake': 0.983} mad 0.077
H6 {"g_E": 0.85, "g_I": 1.0} PARTIAL fit_ok True held 2 / 9  z2 296.9 {'up_late': 0.688, 'rho_all_3_nrem': 0.322, 're_early': -0.941, 're_late': -0.258, 'rise': 0.672, 'up_early': 0.443, 'up_mid': 0.766, 'rho_gap': -0.335, 'ring_ratio': 1.222, 'rho_all_3_wake': 0.983} mad 0.402
H5 {"A": 0.4, "D": 4.0} PARTIAL fit_ok True held 2 / 9  z2 436.3 {'up_late': 0.614, 'rho_all_3_nrem': 0.4, 're_early': 0.277, 're_late': 0.065, 'rise': -0.216, 'up_early': 0.643, 'up_mid': 0.63, 'rho_gap': 0.209, 'ring_ratio': 1.163, 'rho_all_3_wake': 0.983} mad 0.114
H3 {"A": 0.4, "D": 4.0} PARTIAL fit_ok True held 2 / 9  z2 503.5 {'up_late': 0.621, 'rho_all_3_nrem': 0.409, 're_early': 0.295, 're_late': 0.061, 'rise': -0.232, 'up_early': 0.65, 'up_mid': 0.629, 'rho_gap': 0.282, 'ring_ratio': 1.162, 'rho_all_3_wake': 0.983} mad 0.119
H8 {"g_a": 2.0, "A": 0.4} PARTIAL fit_ok False held 1 / 9  z2 922.7 {'up_late': 0.548, 'rho_all_3_nrem': 0.287, 're_early': -0.19, 're_late': 0.425, 'rise': 0.621, 'up_early': 0.699, 'up_mid': 0.765, 'rho_gap': -0.155, 'ring_ratio': 1.151, 'rho_all_3_wake': 0.983} mad 0.253
H1 {"tau_f": 0.05, "g_E": 1.0} PARTIAL fit_ok False held 1 / 9  z2 2521.7 {'up_late': 0.845, 'rho_all_3_nrem': 0.544, 're_early': -0.828, 're_late': -0.641, 'rise': 0.195, 'up_early': 0.97, 'up_mid': 0.923, 'rho_gap': -0.535, 'ring_ratio': 1.149, 'rho_all_3_wake': 0.978} mad 0.718
