== malecns
    epoch 0 {"epoch": 0, "cv": 0.6750239728113775, "mean_over_target": 1.0} s range 0.95 1.034
    epoch 20 {"epoch": 20, "cv": 0.0271031676332456, "mean_over_target": 0.9939042735976068} s range 0.894 1.347
    epoch 40 {"epoch": 40, "cv": 0.011204024351182064, "mean_over_target": 0.9994905570719413} s range 0.881 1.405
    epoch 60 {"epoch": 60, "cv": 0.005253216595084996, "mean_over_target": 0.9989611873361619} s range 0.876 1.42
    epoch 80 {"epoch": 80, "cv": 0.0048531868800578346, "mean_over_target": 1.0001300819031873} s range 0.875 1.425
    epoch 100 {"epoch": 100, "cv": 0.006160556468387603, "mean_over_target": 0.999097783749165} s range 0.874 1.427
    epoch 120 {"epoch": 120, "cv": 0.004642858939258303, "mean_over_target": 1.0005748776567303} s range 0.875 1.425
    epoch 140 {"epoch": 140, "cv": 0.005906581172849794, "mean_over_target": 0.9981936239588745} s range 0.875 1.425
    epoch 160 {"epoch": 160, "cv": 0.007364688756918297, "mean_over_target": 0.9996922859782603} s range 0.875 1.425
    epoch 180 {"epoch": 180, "cv": 0.006199211198535893, "mean_over_target": 0.999684975395238} s range 0.874 1.426
    epoch 199 {"epoch": 199, "cv": 0.003572089578711118, "mean_over_target": 0.9994814946948509} s range 0.874 1.426
    after {"amp0": 21.909, "max_abs_err": 39.868, "median_abs_err": 18.396, "retention_22p5": 0.578, "distinct_end_positions": 11, "C1": false, "S1_n_ok": 6, "g": 0.004, "g_over_homeostasis": 1.05} rot nan S2 None
    control {"g": 0.00329559301453302, "retention_22p5": 0.375, "distinct_end_positions": 7, "max_abs_err": 73.77158179417006, "median_abs_err": 31.535412689914224}
== hemibrain
    epoch 0 {"epoch": 0, "cv": 1.4297432178999585, "mean_over_target": 1.0} s range 0.95 1.049
    epoch 20 {"epoch": 20, "cv": 0.1831234146001247, "mean_over_target": 0.9909240911177242} s range 0.911 1.447
    epoch 40 {"epoch": 40, "cv": 0.25337557561334917, "mean_over_target": 1.0063232528189936} s range 0.895 1.478
    epoch 60 {"epoch": 60, "cv": 0.2777212950903836, "mean_over_target": 0.9714803761652325} s range 0.88 1.486
    epoch 80 {"epoch": 80, "cv": 0.23188157066327927, "mean_over_target": 1.0354202186517212} s range 0.888 1.488
    epoch 100 {"epoch": 100, "cv": 0.22342523507161804, "mean_over_target": 0.9513498135092759} s range 0.881 1.49
    epoch 120 {"epoch": 120, "cv": 0.30911461211275765, "mean_over_target": 1.0159756771774444} s range 0.89 1.482
    epoch 140 {"epoch": 140, "cv": 0.35953728283048236, "mean_over_target": 0.9538199766415442} s range 0.873 1.488
    epoch 160 {"epoch": 160, "cv": 0.14782903947795084, "mean_over_target": 1.090170826311232} s range 0.887 1.481
    epoch 180 {"epoch": 180, "cv": 0.11437870545914426, "mean_over_target": 0.9579072520695552} s range 0.88 1.491
    epoch 199 {"epoch": 199, "cv": 0.26738994947107686, "mean_over_target": 0.9577064127815441} s range 0.883 1.485
    after {"amp0": 27353.031, "max_abs_err": 54.858, "median_abs_err": 16.222, "retention_22p5": 0.641, "distinct_end_positions": 12, "C1": false, "S1_n_ok": 0, "g": 0.007, "g_over_homeostasis": 1.02} rot 581.981 S2 None
    control {"exists": false}
== flywire
    epoch 0 {"epoch": 0, "cv": 1.2160388947640461, "mean_over_target": 1.0} s range 0.95 1.05
    epoch 20 {"epoch": 20, "cv": 0.3836980478427674, "mean_over_target": 0.8881059657355589} s range 0.866 2.585
    epoch 40 {"epoch": 40, "cv": 0.21075576150483735, "mean_over_target": 0.8659711480476924} s range 0.835 5.0
    epoch 60 {"epoch": 60, "cv": 0.25151656361474345, "mean_over_target": 0.9530838050607056} s range 0.822 5.0
    epoch 80 {"epoch": 80, "cv": 0.14161384276025296, "mean_over_target": 0.9675324993865382} s range 0.826 5.0
    epoch 100 {"epoch": 100, "cv": 0.18510933005845054, "mean_over_target": 1.0412676299677097} s range 0.821 5.0
    epoch 120 {"epoch": 120, "cv": 0.33929377173005615, "mean_over_target": 1.0337674209651209} s range 0.822 5.0
    epoch 140 {"epoch": 140, "cv": 0.2882006732943045, "mean_over_target": 1.037229304345971} s range 0.818 5.0
    epoch 160 {"epoch": 160, "cv": 0.17530949864820736, "mean_over_target": 0.8754435039953221} s range 0.826 5.0
    epoch 180 {"epoch": 180, "cv": 0.1494318457859255, "mean_over_target": 0.9775487170834919} s range 0.821 5.0
    epoch 199 {"epoch": 199, "cv": 0.15301204666589915, "mean_over_target": 1.038152632750682} s range 0.823 5.0
    after {"amp0": 31.673, "max_abs_err": 50.133, "median_abs_err": 21.544, "retention_22p5": 0.531, "distinct_end_positions": 5, "C1": false, "S1_n_ok": 2, "g": 0.013, "g_over_homeostasis": 0.93} rot nan S2 None
    control {"exists": false}
verdict HOMEOSTASIS_DOES_NOT_REMOVE_WELLS {'malecns': False, 'hemibrain': False, 'flywire': False} {'malecns': False, 'hemibrain': False, 'flywire': False} {'malecns': False, 'hemibrain': False, 'flywire': False} {'malecns': True, 'hemibrain': True, 'flywire': True}
EXIT 0
